Wind River DLD V5.7.0.0		Wed May 17 09:36:12 2017

Command line:
dld -tPPC5534VEN:simple .\src\default560P.dld -m6 -lc -limpl
C:\Users\ASE-Lab\Desktop\Unit3\Template\output\romcopy.o
C:\Users\ASE-Lab\Desktop\Unit3\Template\output\bam_init.o
C:\Users\ASE-Lab\Desktop\Unit3\Template\output\crt0.o
C:\Users\ASE-Lab\Desktop\Unit3\Template\output\main.o
C:\Users\ASE-Lab\Desktop\Unit3\Template\output\siu.o
C:\Users\ASE-Lab\Desktop\Unit3\Template\output\can.o
C:\Users\ASE-Lab\Desktop\Unit3\Template\output\me.o
C:\Users\ASE-Lab\Desktop\Unit3\Template\output\pit.o
C:\Users\ASE-Lab\Desktop\Unit3\Template\output\adc.o
C:\Users\ASE-Lab\Desktop\Unit3\Template\output\interrupt.o
C:\Users\ASE-Lab\Desktop\Unit3\Template\output\init.o -o
C:\Users\ASE-Lab\Desktop\Unit3\Template\output\SPC560P50_Test_GenCC_WindRiver.elf

Output file name   : C:\Users\ASE-Lab\Desktop\Unit3\Template\output\SPC560P50_Test_GenCC_WindRiver.elf
Output file format : ELF
Target machine type: PPC

		Link Editor Memory Map


output		input		virtual
section		section		address		size	 file

.abs.00000040   		00000040	000000c2
		.abs.00000040   00000040	000000c2 C:\Users\ASE-Lab\Desktop\Unit3\Template\output\main.o
			Ext_Isr 00000040	000000c2


.rcw            		00000000	00000008
		.rcw            00000000	00000008 C:\Users\ASE-Lab\Desktop\Unit3\Template\output\bam_init.o
		ResetConfigWord 00000000	00000004
			 _reset 00000004	00000004


.init           		00000020	00000000

.init_vle       		00000020	00000000

.exec_vect      		00001000	00000000

.exec_vect_Vle  		00001000	00000000

.text           		00002000	00000000

.text_vle       		00002000	000011b6
		.text_vle       00002000	000000a2 C:\Users\ASE-Lab\Desktop\Unit3\Template\output\romcopy.o
			romcopy 00002000	000000a2

		.text_vle       000020a2	00000000 C:\Users\ASE-Lab\Desktop\Unit3\Template\output\bam_init.o

		.text_vle       000020a4	00000058 C:\Users\ASE-Lab\Desktop\Unit3\Template\output\crt0.o
			 _start 000020a8	00000000
			   loop 000020b8	00000000

		.text_vle       000020fc	0000046e C:\Users\ASE-Lab\Desktop\Unit3\Template\output\main.o
			   main 000020fc	000000e8
		    PITCHANNEL0 000021e4	0000005c
		    PITCHANNEL1 00002240	00000122
		      CANMB0003 00002364	00000052
		      CANMB0407 000023b8	0000010a
		      CANMB0811 000024c4	00000052
		      CANMB1215 00002518	00000052

		.text_vle       0000256c	00000146 C:\Users\ASE-Lab\Desktop\Unit3\Template\output\siu.o
		       SIU_Init 0000256c	00000146

		.text_vle       000026b4	00000722 C:\Users\ASE-Lab\Desktop\Unit3\Template\output\can.o
		  CANMsgBufInit 000026b4	00000462
			CANInit 00002b18	000002be

		.text_vle       00002dd8	0000009e C:\Users\ASE-Lab\Desktop\Unit3\Template\output\me.o
			 MEInit 00002dd8	0000009e

		.text_vle       00002e78	00000130 C:\Users\ASE-Lab\Desktop\Unit3\Template\output\pit.o
	     PIT_ConfigureTimer 00002e78	00000030
		 PIT_StartTimer 00002ea8	0000002e
		  PIT_StopTimer 00002ed8	0000002e
		PIT_ChannelInit 00002f08	00000066
		       PIT_Init 00002f70	00000038

		.text_vle       00002fa8	000000c0 C:\Users\ASE-Lab\Desktop\Unit3\Template\output\adc.o
	    ADC_StartConversion 00002fa8	0000002e
			ADCInit 00002fd8	00000090

		.text_vle       00003068	000000e2 C:\Users\ASE-Lab\Desktop\Unit3\Template\output\interrupt.o
		  InterruptInit 00003068	000000e2

		.text_vle       0000314c	0000006a C:\Users\ASE-Lab\Desktop\Unit3\Template\output\init.o
			   Init 0000314c	0000006a


.rodata         		000031b6	00000000

.ctors          		000031b8	00000000

.dtors          		000031b8	00000000

.sdata2         		000031b8	00000000

.sbss2          		000031b8	00000000

.vects          		00012000	00000000

.data           		000031b8	00000000

.sdata          		000031b8	00000014
		.sdata          40000000	00000014 C:\Users\ASE-Lab\Desktop\Unit3\Template\output\main.o
			   gear 40000000	00000001
	     drive_wheels_speed 40000004	00000004
	non_driven_wheels_speed 40000008	00000004
		     second_int 4000000c	00000004
	 light_control_is_alive 40000010	00000004


.sbss           		40000014	00000000

.bss            		40000014	00000000

.tibss          		40000014	00000000

.tidata         		40000014	00000000

.PPC.EMB.apuinfo		00000000	00000018
		.PPC.EMB.apuinfo 00000000	00000018 C:\WINDRI~1\diab\570~1.0\PPCVLEE\simple\libc.a


.debug_frame    		00000000	00000490
		.debug_frame    00000000	00000034 C:\Users\ASE-Lab\Desktop\Unit3\Template\output\romcopy.o
		    __local_cie 00000000	00000000

		.debug_frame    00000034	00000014 C:\Users\ASE-Lab\Desktop\Unit3\Template\output\bam_init.o
		    __local_cie 00000034	00000000

		.debug_frame    00000048	00000184 C:\Users\ASE-Lab\Desktop\Unit3\Template\output\main.o
		    __local_cie 00000048	00000000

		.debug_frame    000001cc	00000054 C:\Users\ASE-Lab\Desktop\Unit3\Template\output\siu.o
		    __local_cie 000001cc	00000000

		.debug_frame    00000220	00000094 C:\Users\ASE-Lab\Desktop\Unit3\Template\output\can.o
		    __local_cie 00000220	00000000

		.debug_frame    000002b4	00000044 C:\Users\ASE-Lab\Desktop\Unit3\Template\output\me.o
		    __local_cie 000002b4	00000000

		.debug_frame    000002f8	000000a8 C:\Users\ASE-Lab\Desktop\Unit3\Template\output\pit.o
		    __local_cie 000002f8	00000000

		.debug_frame    000003a0	00000068 C:\Users\ASE-Lab\Desktop\Unit3\Template\output\adc.o
		    __local_cie 000003a0	00000000

		.debug_frame    00000408	00000050 C:\Users\ASE-Lab\Desktop\Unit3\Template\output\interrupt.o
		    __local_cie 00000408	00000000

		.debug_frame    00000458	00000038 C:\Users\ASE-Lab\Desktop\Unit3\Template\output\init.o
		    __local_cie 00000458	00000000


.debug_line     		00000000	000007a9
		.debug_line     00000000	0000009f C:\Users\ASE-Lab\Desktop\Unit3\Template\output\romcopy.o

		.debug_line     0000009f	0000006b C:\Users\ASE-Lab\Desktop\Unit3\Template\output\bam_init.o

		.debug_line     0000010a	00000084 C:\Users\ASE-Lab\Desktop\Unit3\Template\output\crt0.o

		.debug_line     0000018e	00000127 C:\Users\ASE-Lab\Desktop\Unit3\Template\output\main.o

		.debug_line     000002b5	00000090 C:\Users\ASE-Lab\Desktop\Unit3\Template\output\main.o

		.debug_line     00000345	00000094 C:\Users\ASE-Lab\Desktop\Unit3\Template\output\siu.o

		.debug_line     000003d9	000000f8 C:\Users\ASE-Lab\Desktop\Unit3\Template\output\can.o

		.debug_line     000004d1	00000087 C:\Users\ASE-Lab\Desktop\Unit3\Template\output\me.o

		.debug_line     00000558	000000b1 C:\Users\ASE-Lab\Desktop\Unit3\Template\output\pit.o

		.debug_line     00000609	0000008e C:\Users\ASE-Lab\Desktop\Unit3\Template\output\adc.o

		.debug_line     00000697	00000089 C:\Users\ASE-Lab\Desktop\Unit3\Template\output\interrupt.o

		.debug_line     00000720	00000089 C:\Users\ASE-Lab\Desktop\Unit3\Template\output\init.o


.debug_abbrev   		00000000	00000277
		.debug_abbrev   00000000	0000006d C:\Users\ASE-Lab\Desktop\Unit3\Template\output\romcopy.o

		.debug_abbrev   0000006d	00000039 C:\Users\ASE-Lab\Desktop\Unit3\Template\output\bam_init.o

		.debug_abbrev   000000a6	00000074 C:\Users\ASE-Lab\Desktop\Unit3\Template\output\main.o

		.debug_abbrev   0000011a	0000002b C:\Users\ASE-Lab\Desktop\Unit3\Template\output\siu.o

		.debug_abbrev   00000145	00000045 C:\Users\ASE-Lab\Desktop\Unit3\Template\output\can.o

		.debug_abbrev   0000018a	0000002b C:\Users\ASE-Lab\Desktop\Unit3\Template\output\me.o

		.debug_abbrev   000001b5	00000045 C:\Users\ASE-Lab\Desktop\Unit3\Template\output\pit.o

		.debug_abbrev   000001fa	00000029 C:\Users\ASE-Lab\Desktop\Unit3\Template\output\adc.o

		.debug_abbrev   00000223	00000029 C:\Users\ASE-Lab\Desktop\Unit3\Template\output\interrupt.o

		.debug_abbrev   0000024c	0000002b C:\Users\ASE-Lab\Desktop\Unit3\Template\output\init.o


.debug_info     		00000000	00000cf8
		.debug_info     00000000	00000213 C:\Users\ASE-Lab\Desktop\Unit3\Template\output\romcopy.o

		.debug_info     00000213	000000f6 C:\Users\ASE-Lab\Desktop\Unit3\Template\output\bam_init.o

		.debug_info     00000309	00000272 C:\Users\ASE-Lab\Desktop\Unit3\Template\output\main.o

		.debug_info     0000057b	000000bd C:\Users\ASE-Lab\Desktop\Unit3\Template\output\main.o

		.debug_info     00000638	000000bd C:\Users\ASE-Lab\Desktop\Unit3\Template\output\siu.o

		.debug_info     000006f5	000000fe C:\Users\ASE-Lab\Desktop\Unit3\Template\output\can.o

		.debug_info     000007f3	000000ba C:\Users\ASE-Lab\Desktop\Unit3\Template\output\me.o

		.debug_info     000008ad	000001e7 C:\Users\ASE-Lab\Desktop\Unit3\Template\output\pit.o

		.debug_info     00000a94	000000e3 C:\Users\ASE-Lab\Desktop\Unit3\Template\output\adc.o

		.debug_info     00000b77	000000c7 C:\Users\ASE-Lab\Desktop\Unit3\Template\output\interrupt.o

		.debug_info     00000c3e	000000ba C:\Users\ASE-Lab\Desktop\Unit3\Template\output\init.o


Link editor command file symbols
                         __argv 00002000
                          __env 00002000
                     __DATA_ROM 000031b8
                     __DATA_RAM 40000000
                     __DATA_END 40000014
                    __BSS_START 40000014
                      __BSS_END 40000014
                   __HEAP_START 40000014
                      __SP_INIT 4000a000
                       __SP_END 40009800
                     __HEAP_END 40009800
                  ___HEAP_START 40000014
                    ___HEAP_END 40009800
                     ___SP_INIT 4000a000
                      ___SP_END 40009800
                    ___DATA_ROM 000031b8
                    ___DATA_RAM 40000000
                    ___DATA_END 40000014
                   ___BSS_START 40000014
                     ___BSS_END 40000014
                     _SDA_BASE_ 40007ff0
                    _SDA2_BASE_ 0000b1a8

                                Cross Reference Table

Symbol                          Output          Input           Referenced
                                Section         Section         (* - Defined)

ADCInit                         .text_vle	.text_vle	  C:\Users\ASE-Lab\Desktop\Unit3\Template\output\init.o
                                                                * C:\Users\ASE-Lab\Desktop\Unit3\Template\output\adc.o
ADC_StartConversion             .text_vle	.text_vle	* C:\Users\ASE-Lab\Desktop\Unit3\Template\output\adc.o
CANInit                         .text_vle	.text_vle	  C:\Users\ASE-Lab\Desktop\Unit3\Template\output\init.o
                                                                * C:\Users\ASE-Lab\Desktop\Unit3\Template\output\can.o
CANMB0003                       .text_vle	.text_vle	* C:\Users\ASE-Lab\Desktop\Unit3\Template\output\main.o
CANMB0407                       .text_vle	.text_vle	* C:\Users\ASE-Lab\Desktop\Unit3\Template\output\main.o
CANMB0811                       .text_vle	.text_vle	* C:\Users\ASE-Lab\Desktop\Unit3\Template\output\main.o
CANMB1215                       .text_vle	.text_vle	* C:\Users\ASE-Lab\Desktop\Unit3\Template\output\main.o
CANMsgBufInit                   .text_vle	.text_vle	* C:\Users\ASE-Lab\Desktop\Unit3\Template\output\can.o
Ext_Isr                         .abs.00000040	.abs.00000040	* C:\Users\ASE-Lab\Desktop\Unit3\Template\output\main.o
Init                            .text_vle	.text_vle	* C:\Users\ASE-Lab\Desktop\Unit3\Template\output\init.o
                                                                  C:\Users\ASE-Lab\Desktop\Unit3\Template\output\main.o
InterruptInit                   .text_vle	.text_vle	  C:\Users\ASE-Lab\Desktop\Unit3\Template\output\init.o
                                                                * C:\Users\ASE-Lab\Desktop\Unit3\Template\output\interrupt.o
MEInit                          .text_vle	.text_vle	  C:\Users\ASE-Lab\Desktop\Unit3\Template\output\init.o
                                                                * C:\Users\ASE-Lab\Desktop\Unit3\Template\output\me.o
PITCHANNEL0                     .text_vle	.text_vle	* C:\Users\ASE-Lab\Desktop\Unit3\Template\output\main.o
PITCHANNEL1                     .text_vle	.text_vle	* C:\Users\ASE-Lab\Desktop\Unit3\Template\output\main.o
PIT_ChannelInit                 .text_vle	.text_vle	* C:\Users\ASE-Lab\Desktop\Unit3\Template\output\pit.o
PIT_ConfigureTimer              .text_vle	.text_vle	* C:\Users\ASE-Lab\Desktop\Unit3\Template\output\pit.o
                                                                  C:\Users\ASE-Lab\Desktop\Unit3\Template\output\main.o
PIT_Init                        .text_vle	.text_vle	  C:\Users\ASE-Lab\Desktop\Unit3\Template\output\init.o
                                                                * C:\Users\ASE-Lab\Desktop\Unit3\Template\output\pit.o
PIT_StartTimer                  .text_vle	.text_vle	* C:\Users\ASE-Lab\Desktop\Unit3\Template\output\pit.o
                                                                  C:\Users\ASE-Lab\Desktop\Unit3\Template\output\main.o
PIT_StopTimer                   .text_vle	.text_vle	* C:\Users\ASE-Lab\Desktop\Unit3\Template\output\pit.o
ResetConfigWord                 .rcw    	.rcw    	* C:\Users\ASE-Lab\Desktop\Unit3\Template\output\bam_init.o
SIU_Init                        .text_vle	.text_vle	  C:\Users\ASE-Lab\Desktop\Unit3\Template\output\init.o
                                                                * C:\Users\ASE-Lab\Desktop\Unit3\Template\output\siu.o
_SDA2_BASE_                     [absolute]	        	  C:\Users\ASE-Lab\Desktop\Unit3\Template\output\crt0.o
                                                                * C:\WINDRI~1\diab\570~1.0\PPCVLEE\simple\libc.a
_SDA_BASE_                      .sdata  	.sdata  	  C:\Users\ASE-Lab\Desktop\Unit3\Template\output\crt0.o
                                                                * C:\WINDRI~1\diab\570~1.0\PPCVLEE\simple\libc.a
__BSS_END                       [absolute]	        	  C:\Users\ASE-Lab\Desktop\Unit3\Template\output\romcopy.o
                                                                * .\src\default560P.dld
__BSS_START                     [absolute]	        	  C:\Users\ASE-Lab\Desktop\Unit3\Template\output\romcopy.o
                                                                * .\src\default560P.dld
__DATA_END                      [absolute]	        	  C:\Users\ASE-Lab\Desktop\Unit3\Template\output\romcopy.o
                                                                * .\src\default560P.dld
__DATA_RAM                      [absolute]	        	  C:\Users\ASE-Lab\Desktop\Unit3\Template\output\romcopy.o
                                                                * .\src\default560P.dld
__DATA_ROM                      [absolute]	        	  C:\Users\ASE-Lab\Desktop\Unit3\Template\output\romcopy.o
                                                                * .\src\default560P.dld
__HEAP_END                      [absolute]	        	* .\src\default560P.dld
__HEAP_START                    [absolute]	        	* .\src\default560P.dld
__SP_END                        [absolute]	        	* .\src\default560P.dld
__SP_INIT                       [absolute]	        	  C:\Users\ASE-Lab\Desktop\Unit3\Template\output\crt0.o
                                                                * .\src\default560P.dld
___BSS_END                      [absolute]	        	* .\src\default560P.dld
___BSS_START                    [absolute]	        	* .\src\default560P.dld
___DATA_END                     [absolute]	        	* .\src\default560P.dld
___DATA_RAM                     [absolute]	        	* .\src\default560P.dld
___DATA_ROM                     [absolute]	        	* .\src\default560P.dld
___HEAP_END                     [absolute]	        	* .\src\default560P.dld
___HEAP_START                   [absolute]	        	* .\src\default560P.dld
___SP_END                       [absolute]	        	* .\src\default560P.dld
___SP_INIT                      [absolute]	        	* .\src\default560P.dld
__argv                          [absolute]	        	* .\src\default560P.dld
__env                           [absolute]	        	* .\src\default560P.dld
_reset                          .rcw    	.rcw    	* C:\Users\ASE-Lab\Desktop\Unit3\Template\output\bam_init.o
_start                          .text_vle	.text_vle	* C:\Users\ASE-Lab\Desktop\Unit3\Template\output\crt0.o
                                                                  C:\Users\ASE-Lab\Desktop\Unit3\Template\output\bam_init.o
drive_wheels_speed              .sdata  	.sdata  	* C:\Users\ASE-Lab\Desktop\Unit3\Template\output\main.o
gear                            .sdata  	.sdata  	* C:\Users\ASE-Lab\Desktop\Unit3\Template\output\main.o
light_control_is_alive          .sdata  	.sdata  	* C:\Users\ASE-Lab\Desktop\Unit3\Template\output\main.o
main                            .text_vle	.text_vle	* C:\Users\ASE-Lab\Desktop\Unit3\Template\output\main.o
                                                                  C:\Users\ASE-Lab\Desktop\Unit3\Template\output\romcopy.o
non_driven_wheels_speed         .sdata  	.sdata  	* C:\Users\ASE-Lab\Desktop\Unit3\Template\output\main.o
romcopy                         .text_vle	.text_vle	  C:\Users\ASE-Lab\Desktop\Unit3\Template\output\crt0.o
                                                                * C:\Users\ASE-Lab\Desktop\Unit3\Template\output\romcopy.o
second_int                      .sdata  	.sdata  	* C:\Users\ASE-Lab\Desktop\Unit3\Template\output\main.o
